// Jest Snapshot v1, https://goo.gl/fbAQLP

exports[`App Component renders correctly 1`] = `
<div>
  <div
    className="info"
  >
    <p>
      Please enter location
    </p>
  </div>
</div>
`;
